Archive member included because of file (symbol)

D:\48434 Embedded Software\Lab0\Library\libLab0.a(LEDs.o)
                              ./Sources/main.o (LEDs_Init)
D:\48434 Embedded Software\Lab0\Library\libLab0.a(buttons.o)
                              ./Sources/main.o (Buttons_Init)
D:\48434 Embedded Software\Lab0\Library\libLab0.a(timer.o)
                              ./Sources/main.o (Timer_Init)
c:/freescale/kds_3.0.0/toolchain/bin/../lib/gcc/arm-none-eabi/4.8.4/../../../../arm-none-eabi/lib/armv7e-m/fpu\libg_s.a(lib_a-exit.o)
                              c:/freescale/kds_3.0.0/toolchain/bin/../lib/gcc/arm-none-eabi/4.8.4/../../../../arm-none-eabi/lib/armv7e-m/fpu/crt0.o (exit)
c:/freescale/kds_3.0.0/toolchain/bin/../lib/gcc/arm-none-eabi/4.8.4/../../../../arm-none-eabi/lib/armv7e-m/fpu\libg_s.a(lib_a-impure.o)
                              c:/freescale/kds_3.0.0/toolchain/bin/../lib/gcc/arm-none-eabi/4.8.4/../../../../arm-none-eabi/lib/armv7e-m/fpu\libg_s.a(lib_a-exit.o) (_global_impure_ptr)
c:/freescale/kds_3.0.0/toolchain/bin/../lib/gcc/arm-none-eabi/4.8.4/../../../../arm-none-eabi/lib/armv7e-m/fpu\libg_s.a(lib_a-init.o)
                              c:/freescale/kds_3.0.0/toolchain/bin/../lib/gcc/arm-none-eabi/4.8.4/../../../../arm-none-eabi/lib/armv7e-m/fpu/crt0.o (__libc_init_array)
c:/freescale/kds_3.0.0/toolchain/bin/../lib/gcc/arm-none-eabi/4.8.4/../../../../arm-none-eabi/lib/armv7e-m/fpu\libg_s.a(lib_a-memset.o)
                              c:/freescale/kds_3.0.0/toolchain/bin/../lib/gcc/arm-none-eabi/4.8.4/../../../../arm-none-eabi/lib/armv7e-m/fpu/crt0.o (memset)
c:/freescale/kds_3.0.0/toolchain/bin/../lib/gcc/arm-none-eabi/4.8.4/../../../../arm-none-eabi/lib/armv7e-m/fpu\libnosys.a(_exit.o)
                              c:/freescale/kds_3.0.0/toolchain/bin/../lib/gcc/arm-none-eabi/4.8.4/../../../../arm-none-eabi/lib/armv7e-m/fpu\libg_s.a(lib_a-exit.o) (_exit)

Allocating common symbols
Common symbol       size              file

SR_reg              0x1               ./Generated_Code/Cpu.o

Discarded input sections

 .text          0x00000000        0x0 c:/freescale/kds_3.0.0/toolchain/bin/../lib/gcc/arm-none-eabi/4.8.4/armv7e-m/fpu/crti.o
 .data          0x00000000        0x0 c:/freescale/kds_3.0.0/toolchain/bin/../lib/gcc/arm-none-eabi/4.8.4/armv7e-m/fpu/crti.o
 .bss           0x00000000        0x0 c:/freescale/kds_3.0.0/toolchain/bin/../lib/gcc/arm-none-eabi/4.8.4/armv7e-m/fpu/crti.o
 .data          0x00000000        0x4 c:/freescale/kds_3.0.0/toolchain/bin/../lib/gcc/arm-none-eabi/4.8.4/armv7e-m/fpu/crtbegin.o
 .data          0x00000000        0x0 c:/freescale/kds_3.0.0/toolchain/bin/../lib/gcc/arm-none-eabi/4.8.4/../../../../arm-none-eabi/lib/armv7e-m/fpu/crt0.o
 .bss           0x00000000        0x0 c:/freescale/kds_3.0.0/toolchain/bin/../lib/gcc/arm-none-eabi/4.8.4/../../../../arm-none-eabi/lib/armv7e-m/fpu/crt0.o
 .ARM.extab     0x00000000        0x0 c:/freescale/kds_3.0.0/toolchain/bin/../lib/gcc/arm-none-eabi/4.8.4/../../../../arm-none-eabi/lib/armv7e-m/fpu/crt0.o
 .group         0x00000000        0x8 ./Sources/main.o
 .group         0x00000000        0x8 ./Sources/main.o
 .group         0x00000000        0x8 ./Sources/main.o
 .group         0x00000000        0x8 ./Sources/main.o
 .group         0x00000000        0x8 ./Sources/main.o
 .group         0x00000000        0x8 ./Sources/main.o
 .group         0x00000000        0x8 ./Sources/main.o
 .group         0x00000000        0x8 ./Sources/main.o
 .group         0x00000000        0x8 ./Sources/main.o
 .group         0x00000000        0x8 ./Sources/main.o
 .text          0x00000000        0x0 ./Sources/main.o
 .data          0x00000000        0x0 ./Sources/main.o
 .bss           0x00000000        0x0 ./Sources/main.o
 .group         0x00000000        0x8 ./Project_Settings/Startup_Code/startup.o
 .group         0x00000000        0x8 ./Project_Settings/Startup_Code/startup.o
 .group         0x00000000        0x8 ./Project_Settings/Startup_Code/startup.o
 .group         0x00000000        0x8 ./Project_Settings/Startup_Code/startup.o
 .group         0x00000000        0x8 ./Project_Settings/Startup_Code/startup.o
 .group         0x00000000        0x8 ./Project_Settings/Startup_Code/startup.o
 .group         0x00000000        0x8 ./Project_Settings/Startup_Code/startup.o
 .group         0x00000000        0x8 ./Project_Settings/Startup_Code/startup.o
 .group         0x00000000        0x8 ./Project_Settings/Startup_Code/startup.o
 .group         0x00000000        0x8 ./Project_Settings/Startup_Code/startup.o
 .group         0x00000000        0x8 ./Project_Settings/Startup_Code/startup.o
 .group         0x00000000        0x8 ./Project_Settings/Startup_Code/startup.o
 .group         0x00000000        0x8 ./Project_Settings/Startup_Code/startup.o
 .group         0x00000000        0x8 ./Project_Settings/Startup_Code/startup.o
 .group         0x00000000        0x8 ./Project_Settings/Startup_Code/startup.o
 .group         0x00000000        0x8 ./Project_Settings/Startup_Code/startup.o
 .group         0x00000000        0x8 ./Project_Settings/Startup_Code/startup.o
 .group         0x00000000        0x8 ./Project_Settings/Startup_Code/startup.o
 .group         0x00000000        0x8 ./Project_Settings/Startup_Code/startup.o
 .text          0x00000000        0x0 ./Project_Settings/Startup_Code/startup.o
 .data          0x00000000        0x0 ./Project_Settings/Startup_Code/startup.o
 .bss           0x00000000        0x0 ./Project_Settings/Startup_Code/startup.o
 .text.__init_hardware
                0x00000000        0xc ./Project_Settings/Startup_Code/startup.o
 .text.__iar_program_start
                0x00000000        0xc ./Project_Settings/Startup_Code/startup.o
 .debug_macro   0x00000000      0x850 ./Project_Settings/Startup_Code/startup.o
 .debug_macro   0x00000000       0x16 ./Project_Settings/Startup_Code/startup.o
 .group         0x00000000        0x8 ./Generated_Code/Cpu.o
 .group         0x00000000        0x8 ./Generated_Code/Cpu.o
 .group         0x00000000        0x8 ./Generated_Code/Cpu.o
 .group         0x00000000        0x8 ./Generated_Code/Cpu.o
 .group         0x00000000        0x8 ./Generated_Code/Cpu.o
 .group         0x00000000        0x8 ./Generated_Code/Cpu.o
 .group         0x00000000        0x8 ./Generated_Code/Cpu.o
 .group         0x00000000        0x8 ./Generated_Code/Cpu.o
 .group         0x00000000        0x8 ./Generated_Code/Cpu.o
 .text          0x00000000        0x0 ./Generated_Code/Cpu.o
 .data          0x00000000        0x0 ./Generated_Code/Cpu.o
 .bss           0x00000000        0x0 ./Generated_Code/Cpu.o
 .bss.SR_lock   0x00000000        0x1 ./Generated_Code/Cpu.o
 .debug_macro   0x00000000      0x850 ./Generated_Code/Cpu.o
 .debug_macro   0x00000000       0x16 ./Generated_Code/Cpu.o
 .debug_macro   0x00000000       0x44 ./Generated_Code/Cpu.o
 .debug_macro   0x00000000      0x209 ./Generated_Code/Cpu.o
 .debug_macro   0x00000000     0x17fa ./Generated_Code/Cpu.o
 .debug_macro   0x00000000      0x14e ./Generated_Code/Cpu.o
 .debug_macro   0x00000000       0x64 ./Generated_Code/Cpu.o
 .debug_macro   0x00000000    0x174c1 ./Generated_Code/Cpu.o
 COMMON         0x00000000        0x1 ./Generated_Code/Cpu.o
 .group         0x00000000        0x8 ./Generated_Code/PE_LDD.o
 .group         0x00000000        0x8 ./Generated_Code/PE_LDD.o
 .group         0x00000000        0x8 ./Generated_Code/PE_LDD.o
 .group         0x00000000        0x8 ./Generated_Code/PE_LDD.o
 .group         0x00000000        0x8 ./Generated_Code/PE_LDD.o
 .group         0x00000000        0x8 ./Generated_Code/PE_LDD.o
 .group         0x00000000        0x8 ./Generated_Code/PE_LDD.o
 .group         0x00000000        0x8 ./Generated_Code/PE_LDD.o
 .group         0x00000000        0x8 ./Generated_Code/PE_LDD.o
 .text          0x00000000        0x0 ./Generated_Code/PE_LDD.o
 .data          0x00000000        0x0 ./Generated_Code/PE_LDD.o
 .bss           0x00000000        0x0 ./Generated_Code/PE_LDD.o
 .rodata.PE_CpuClockConfigurations
                0x00000000       0x28 ./Generated_Code/PE_LDD.o
 .text.PE_FillMemory
                0x00000000       0x24 ./Generated_Code/PE_LDD.o
 .text.PE_PeripheralUsed
                0x00000000       0x18 ./Generated_Code/PE_LDD.o
 .text.LDD_SetClockConfiguration
                0x00000000       0x14 ./Generated_Code/PE_LDD.o
 .debug_info    0x00000000      0x215 ./Generated_Code/PE_LDD.o
 .debug_abbrev  0x00000000       0xf3 ./Generated_Code/PE_LDD.o
 .debug_aranges
                0x00000000       0x30 ./Generated_Code/PE_LDD.o
 .debug_ranges  0x00000000       0x20 ./Generated_Code/PE_LDD.o
 .debug_macro   0x00000000       0x8f ./Generated_Code/PE_LDD.o
 .debug_macro   0x00000000      0x850 ./Generated_Code/PE_LDD.o
 .debug_macro   0x00000000       0x16 ./Generated_Code/PE_LDD.o
 .debug_macro   0x00000000       0x44 ./Generated_Code/PE_LDD.o
 .debug_macro   0x00000000      0x209 ./Generated_Code/PE_LDD.o
 .debug_macro   0x00000000     0x17fa ./Generated_Code/PE_LDD.o
 .debug_macro   0x00000000      0x14e ./Generated_Code/PE_LDD.o
 .debug_macro   0x00000000       0x64 ./Generated_Code/PE_LDD.o
 .debug_macro   0x00000000    0x174c1 ./Generated_Code/PE_LDD.o
 .debug_macro   0x00000000       0x8e ./Generated_Code/PE_LDD.o
 .debug_line    0x00000000      0x233 ./Generated_Code/PE_LDD.o
 .debug_str     0x00000000    0x8a74b ./Generated_Code/PE_LDD.o
 .comment       0x00000000       0x71 ./Generated_Code/PE_LDD.o
 .ARM.attributes
                0x00000000       0x39 ./Generated_Code/PE_LDD.o
 .debug_frame   0x00000000       0x64 ./Generated_Code/PE_LDD.o
 .group         0x00000000        0x8 ./Generated_Code/Vectors.o
 .group         0x00000000        0x8 ./Generated_Code/Vectors.o
 .group         0x00000000        0x8 ./Generated_Code/Vectors.o
 .group         0x00000000        0x8 ./Generated_Code/Vectors.o
 .group         0x00000000        0x8 ./Generated_Code/Vectors.o
 .group         0x00000000        0x8 ./Generated_Code/Vectors.o
 .group         0x00000000        0x8 ./Generated_Code/Vectors.o
 .group         0x00000000        0x8 ./Generated_Code/Vectors.o
 .group         0x00000000        0x8 ./Generated_Code/Vectors.o
 .group         0x00000000        0x8 ./Generated_Code/Vectors.o
 .text          0x00000000        0x0 ./Generated_Code/Vectors.o
 .data          0x00000000        0x0 ./Generated_Code/Vectors.o
 .bss           0x00000000        0x0 ./Generated_Code/Vectors.o
 .debug_macro   0x00000000      0x850 ./Generated_Code/Vectors.o
 .debug_macro   0x00000000       0x16 ./Generated_Code/Vectors.o
 .debug_macro   0x00000000       0x44 ./Generated_Code/Vectors.o
 .debug_macro   0x00000000      0x209 ./Generated_Code/Vectors.o
 .debug_macro   0x00000000     0x17fa ./Generated_Code/Vectors.o
 .debug_macro   0x00000000      0x14e ./Generated_Code/Vectors.o
 .debug_macro   0x00000000       0x64 ./Generated_Code/Vectors.o
 .debug_macro   0x00000000    0x174c1 ./Generated_Code/Vectors.o
 .debug_macro   0x00000000       0x8e ./Generated_Code/Vectors.o
 .debug_macro   0x00000000       0x22 ./Generated_Code/Vectors.o
 .group         0x00000000        0x8 ./.metadata/.plugins/org.eclipse.cdt.make.core/specs.o
 .text          0x00000000        0x0 ./.metadata/.plugins/org.eclipse.cdt.make.core/specs.o
 .data          0x00000000        0x0 ./.metadata/.plugins/org.eclipse.cdt.make.core/specs.o
 .bss           0x00000000        0x0 ./.metadata/.plugins/org.eclipse.cdt.make.core/specs.o
 .debug_info    0x00000000       0x21 ./.metadata/.plugins/org.eclipse.cdt.make.core/specs.o
 .debug_abbrev  0x00000000       0x13 ./.metadata/.plugins/org.eclipse.cdt.make.core/specs.o
 .debug_aranges
                0x00000000       0x18 ./.metadata/.plugins/org.eclipse.cdt.make.core/specs.o
 .debug_macro   0x00000000       0x11 ./.metadata/.plugins/org.eclipse.cdt.make.core/specs.o
 .debug_macro   0x00000000      0x850 ./.metadata/.plugins/org.eclipse.cdt.make.core/specs.o
 .debug_line    0x00000000       0x58 ./.metadata/.plugins/org.eclipse.cdt.make.core/specs.o
 .debug_str     0x00000000     0x2438 ./.metadata/.plugins/org.eclipse.cdt.make.core/specs.o
 .comment       0x00000000       0x71 ./.metadata/.plugins/org.eclipse.cdt.make.core/specs.o
 .ARM.attributes
                0x00000000       0x39 ./.metadata/.plugins/org.eclipse.cdt.make.core/specs.o
 .group         0x00000000        0x8 D:\48434 Embedded Software\Lab0\Library\libLab0.a(LEDs.o)
 .group         0x00000000        0x8 D:\48434 Embedded Software\Lab0\Library\libLab0.a(LEDs.o)
 .group         0x00000000        0x8 D:\48434 Embedded Software\Lab0\Library\libLab0.a(LEDs.o)
 .group         0x00000000        0x8 D:\48434 Embedded Software\Lab0\Library\libLab0.a(LEDs.o)
 .group         0x00000000        0x8 D:\48434 Embedded Software\Lab0\Library\libLab0.a(LEDs.o)
 .group         0x00000000        0x8 D:\48434 Embedded Software\Lab0\Library\libLab0.a(LEDs.o)
 .text          0x00000000        0x0 D:\48434 Embedded Software\Lab0\Library\libLab0.a(LEDs.o)
 .data          0x00000000        0x0 D:\48434 Embedded Software\Lab0\Library\libLab0.a(LEDs.o)
 .bss           0x00000000        0x0 D:\48434 Embedded Software\Lab0\Library\libLab0.a(LEDs.o)
 .text.LEDs_On  0x00000000       0x1c D:\48434 Embedded Software\Lab0\Library\libLab0.a(LEDs.o)
 .text.LEDs_Off
                0x00000000       0x1c D:\48434 Embedded Software\Lab0\Library\libLab0.a(LEDs.o)
 .debug_macro   0x00000000      0x850 D:\48434 Embedded Software\Lab0\Library\libLab0.a(LEDs.o)
 .debug_macro   0x00000000       0x16 D:\48434 Embedded Software\Lab0\Library\libLab0.a(LEDs.o)
 .debug_macro   0x00000000       0x44 D:\48434 Embedded Software\Lab0\Library\libLab0.a(LEDs.o)
 .debug_macro   0x00000000      0x209 D:\48434 Embedded Software\Lab0\Library\libLab0.a(LEDs.o)
 .debug_macro   0x00000000       0x22 D:\48434 Embedded Software\Lab0\Library\libLab0.a(LEDs.o)
 .debug_macro   0x00000000    0x174c1 D:\48434 Embedded Software\Lab0\Library\libLab0.a(LEDs.o)
 .group         0x00000000        0x8 D:\48434 Embedded Software\Lab0\Library\libLab0.a(buttons.o)
 .group         0x00000000        0x8 D:\48434 Embedded Software\Lab0\Library\libLab0.a(buttons.o)
 .group         0x00000000        0x8 D:\48434 Embedded Software\Lab0\Library\libLab0.a(buttons.o)
 .group         0x00000000        0x8 D:\48434 Embedded Software\Lab0\Library\libLab0.a(buttons.o)
 .group         0x00000000        0x8 D:\48434 Embedded Software\Lab0\Library\libLab0.a(buttons.o)
 .group         0x00000000        0x8 D:\48434 Embedded Software\Lab0\Library\libLab0.a(buttons.o)
 .group         0x00000000        0x8 D:\48434 Embedded Software\Lab0\Library\libLab0.a(buttons.o)
 .group         0x00000000        0x8 D:\48434 Embedded Software\Lab0\Library\libLab0.a(buttons.o)
 .group         0x00000000        0x8 D:\48434 Embedded Software\Lab0\Library\libLab0.a(buttons.o)
 .group         0x00000000        0x8 D:\48434 Embedded Software\Lab0\Library\libLab0.a(buttons.o)
 .text          0x00000000        0x0 D:\48434 Embedded Software\Lab0\Library\libLab0.a(buttons.o)
 .data          0x00000000        0x0 D:\48434 Embedded Software\Lab0\Library\libLab0.a(buttons.o)
 .bss           0x00000000        0x0 D:\48434 Embedded Software\Lab0\Library\libLab0.a(buttons.o)
 .debug_macro   0x00000000      0x850 D:\48434 Embedded Software\Lab0\Library\libLab0.a(buttons.o)
 .debug_macro   0x00000000       0x16 D:\48434 Embedded Software\Lab0\Library\libLab0.a(buttons.o)
 .debug_macro   0x00000000       0x44 D:\48434 Embedded Software\Lab0\Library\libLab0.a(buttons.o)
 .debug_macro   0x00000000      0x209 D:\48434 Embedded Software\Lab0\Library\libLab0.a(buttons.o)
 .debug_macro   0x00000000       0x22 D:\48434 Embedded Software\Lab0\Library\libLab0.a(buttons.o)
 .debug_macro   0x00000000    0x174c1 D:\48434 Embedded Software\Lab0\Library\libLab0.a(buttons.o)
 .debug_macro   0x00000000      0x14e D:\48434 Embedded Software\Lab0\Library\libLab0.a(buttons.o)
 .debug_macro   0x00000000       0x64 D:\48434 Embedded Software\Lab0\Library\libLab0.a(buttons.o)
 .group         0x00000000        0x8 D:\48434 Embedded Software\Lab0\Library\libLab0.a(timer.o)
 .group         0x00000000        0x8 D:\48434 Embedded Software\Lab0\Library\libLab0.a(timer.o)
 .group         0x00000000        0x8 D:\48434 Embedded Software\Lab0\Library\libLab0.a(timer.o)
 .group         0x00000000        0x8 D:\48434 Embedded Software\Lab0\Library\libLab0.a(timer.o)
 .group         0x00000000        0x8 D:\48434 Embedded Software\Lab0\Library\libLab0.a(timer.o)
 .group         0x00000000        0x8 D:\48434 Embedded Software\Lab0\Library\libLab0.a(timer.o)
 .group         0x00000000        0x8 D:\48434 Embedded Software\Lab0\Library\libLab0.a(timer.o)
 .group         0x00000000        0x8 D:\48434 Embedded Software\Lab0\Library\libLab0.a(timer.o)
 .group         0x00000000        0x8 D:\48434 Embedded Software\Lab0\Library\libLab0.a(timer.o)
 .group         0x00000000        0x8 D:\48434 Embedded Software\Lab0\Library\libLab0.a(timer.o)
 .group         0x00000000        0x8 D:\48434 Embedded Software\Lab0\Library\libLab0.a(timer.o)
 .text          0x00000000        0x0 D:\48434 Embedded Software\Lab0\Library\libLab0.a(timer.o)
 .data          0x00000000        0x0 D:\48434 Embedded Software\Lab0\Library\libLab0.a(timer.o)
 .bss           0x00000000        0x0 D:\48434 Embedded Software\Lab0\Library\libLab0.a(timer.o)
 .debug_macro   0x00000000      0x850 D:\48434 Embedded Software\Lab0\Library\libLab0.a(timer.o)
 .debug_macro   0x00000000       0x16 D:\48434 Embedded Software\Lab0\Library\libLab0.a(timer.o)
 .debug_macro   0x00000000       0x16 D:\48434 Embedded Software\Lab0\Library\libLab0.a(timer.o)
 .debug_macro   0x00000000       0x44 D:\48434 Embedded Software\Lab0\Library\libLab0.a(timer.o)
 .debug_macro   0x00000000      0x209 D:\48434 Embedded Software\Lab0\Library\libLab0.a(timer.o)
 .debug_macro   0x00000000    0x174af D:\48434 Embedded Software\Lab0\Library\libLab0.a(timer.o)
 .debug_macro   0x00000000     0x1800 D:\48434 Embedded Software\Lab0\Library\libLab0.a(timer.o)
 .debug_macro   0x00000000      0x14e D:\48434 Embedded Software\Lab0\Library\libLab0.a(timer.o)
 .debug_macro   0x00000000       0x64 D:\48434 Embedded Software\Lab0\Library\libLab0.a(timer.o)
 .debug_macro   0x00000000       0x8e D:\48434 Embedded Software\Lab0\Library\libLab0.a(timer.o)
 .debug_macro   0x00000000       0x22 D:\48434 Embedded Software\Lab0\Library\libLab0.a(timer.o)
 .text          0x00000000        0x0 c:/freescale/kds_3.0.0/toolchain/bin/../lib/gcc/arm-none-eabi/4.8.4/../../../../arm-none-eabi/lib/armv7e-m/fpu\libg_s.a(lib_a-exit.o)
 .data          0x00000000        0x0 c:/freescale/kds_3.0.0/toolchain/bin/../lib/gcc/arm-none-eabi/4.8.4/../../../../arm-none-eabi/lib/armv7e-m/fpu\libg_s.a(lib_a-exit.o)
 .bss           0x00000000        0x0 c:/freescale/kds_3.0.0/toolchain/bin/../lib/gcc/arm-none-eabi/4.8.4/../../../../arm-none-eabi/lib/armv7e-m/fpu\libg_s.a(lib_a-exit.o)
 .text          0x00000000        0x0 c:/freescale/kds_3.0.0/toolchain/bin/../lib/gcc/arm-none-eabi/4.8.4/../../../../arm-none-eabi/lib/armv7e-m/fpu\libg_s.a(lib_a-impure.o)
 .data          0x00000000        0x0 c:/freescale/kds_3.0.0/toolchain/bin/../lib/gcc/arm-none-eabi/4.8.4/../../../../arm-none-eabi/lib/armv7e-m/fpu\libg_s.a(lib_a-impure.o)
 .bss           0x00000000        0x0 c:/freescale/kds_3.0.0/toolchain/bin/../lib/gcc/arm-none-eabi/4.8.4/../../../../arm-none-eabi/lib/armv7e-m/fpu\libg_s.a(lib_a-impure.o)
 .data._impure_ptr
                0x00000000        0x4 c:/freescale/kds_3.0.0/toolchain/bin/../lib/gcc/arm-none-eabi/4.8.4/../../../../arm-none-eabi/lib/armv7e-m/fpu\libg_s.a(lib_a-impure.o)
 .text          0x00000000        0x0 c:/freescale/kds_3.0.0/toolchain/bin/../lib/gcc/arm-none-eabi/4.8.4/../../../../arm-none-eabi/lib/armv7e-m/fpu\libg_s.a(lib_a-init.o)
 .data          0x00000000        0x0 c:/freescale/kds_3.0.0/toolchain/bin/../lib/gcc/arm-none-eabi/4.8.4/../../../../arm-none-eabi/lib/armv7e-m/fpu\libg_s.a(lib_a-init.o)
 .bss           0x00000000        0x0 c:/freescale/kds_3.0.0/toolchain/bin/../lib/gcc/arm-none-eabi/4.8.4/../../../../arm-none-eabi/lib/armv7e-m/fpu\libg_s.a(lib_a-init.o)
 .text          0x00000000        0x0 c:/freescale/kds_3.0.0/toolchain/bin/../lib/gcc/arm-none-eabi/4.8.4/../../../../arm-none-eabi/lib/armv7e-m/fpu\libg_s.a(lib_a-memset.o)
 .data          0x00000000        0x0 c:/freescale/kds_3.0.0/toolchain/bin/../lib/gcc/arm-none-eabi/4.8.4/../../../../arm-none-eabi/lib/armv7e-m/fpu\libg_s.a(lib_a-memset.o)
 .bss           0x00000000        0x0 c:/freescale/kds_3.0.0/toolchain/bin/../lib/gcc/arm-none-eabi/4.8.4/../../../../arm-none-eabi/lib/armv7e-m/fpu\libg_s.a(lib_a-memset.o)
 .text          0x00000000        0x0 c:/freescale/kds_3.0.0/toolchain/bin/../lib/gcc/arm-none-eabi/4.8.4/../../../../arm-none-eabi/lib/armv7e-m/fpu\libnosys.a(_exit.o)
 .data          0x00000000        0x0 c:/freescale/kds_3.0.0/toolchain/bin/../lib/gcc/arm-none-eabi/4.8.4/../../../../arm-none-eabi/lib/armv7e-m/fpu\libnosys.a(_exit.o)
 .bss           0x00000000        0x0 c:/freescale/kds_3.0.0/toolchain/bin/../lib/gcc/arm-none-eabi/4.8.4/../../../../arm-none-eabi/lib/armv7e-m/fpu\libnosys.a(_exit.o)
 .text          0x00000000        0x0 c:/freescale/kds_3.0.0/toolchain/bin/../lib/gcc/arm-none-eabi/4.8.4/armv7e-m/fpu/crtend.o
 .data          0x00000000        0x0 c:/freescale/kds_3.0.0/toolchain/bin/../lib/gcc/arm-none-eabi/4.8.4/armv7e-m/fpu/crtend.o
 .bss           0x00000000        0x0 c:/freescale/kds_3.0.0/toolchain/bin/../lib/gcc/arm-none-eabi/4.8.4/armv7e-m/fpu/crtend.o
 .eh_frame      0x00000000        0x4 c:/freescale/kds_3.0.0/toolchain/bin/../lib/gcc/arm-none-eabi/4.8.4/armv7e-m/fpu/crtend.o
 .jcr           0x00000000        0x4 c:/freescale/kds_3.0.0/toolchain/bin/../lib/gcc/arm-none-eabi/4.8.4/armv7e-m/fpu/crtend.o
 .ARM.attributes
                0x00000000       0x34 c:/freescale/kds_3.0.0/toolchain/bin/../lib/gcc/arm-none-eabi/4.8.4/armv7e-m/fpu/crtend.o
 .text          0x00000000        0x0 c:/freescale/kds_3.0.0/toolchain/bin/../lib/gcc/arm-none-eabi/4.8.4/armv7e-m/fpu/crtn.o
 .data          0x00000000        0x0 c:/freescale/kds_3.0.0/toolchain/bin/../lib/gcc/arm-none-eabi/4.8.4/armv7e-m/fpu/crtn.o
 .bss           0x00000000        0x0 c:/freescale/kds_3.0.0/toolchain/bin/../lib/gcc/arm-none-eabi/4.8.4/armv7e-m/fpu/crtn.o

Memory Configuration

Name             Origin             Length             Attributes
m_interrupts     0x00000000         0x000001e8         xr
m_text           0x00000410         0x000ffbf0         xr
m_data           0x1fff0000         0x00010000         rw
m_data_20000000  0x20000000         0x00010000         rw
m_cfmprotrom     0x00000400         0x00000010         xr
*default*        0x00000000         0xffffffff

Linker script and memory map

LOAD c:/freescale/kds_3.0.0/toolchain/bin/../lib/gcc/arm-none-eabi/4.8.4/armv7e-m/fpu/crti.o
LOAD c:/freescale/kds_3.0.0/toolchain/bin/../lib/gcc/arm-none-eabi/4.8.4/armv7e-m/fpu/crtbegin.o
LOAD c:/freescale/kds_3.0.0/toolchain/bin/../lib/gcc/arm-none-eabi/4.8.4/../../../../arm-none-eabi/lib/armv7e-m/fpu/crt0.o
LOAD ./Sources/main.o
LOAD ./Project_Settings/Startup_Code/startup.o
LOAD ./Generated_Code/Cpu.o
LOAD ./Generated_Code/PE_LDD.o
LOAD ./Generated_Code/Vectors.o
LOAD ./.metadata/.plugins/org.eclipse.cdt.make.core/specs.o
LOAD D:\48434 Embedded Software\Lab0\Library\libLab0.a
LOAD c:/freescale/kds_3.0.0/toolchain/bin/../lib/gcc/arm-none-eabi/4.8.4/../../../../arm-none-eabi/lib/armv7e-m/fpu\libstdc++_s.a
LOAD c:/freescale/kds_3.0.0/toolchain/bin/../lib/gcc/arm-none-eabi/4.8.4/../../../../arm-none-eabi/lib/armv7e-m/fpu\libm.a
START GROUP
LOAD c:/freescale/kds_3.0.0/toolchain/bin/../lib/gcc/arm-none-eabi/4.8.4/armv7e-m/fpu\libgcc.a
LOAD c:/freescale/kds_3.0.0/toolchain/bin/../lib/gcc/arm-none-eabi/4.8.4/../../../../arm-none-eabi/lib/armv7e-m/fpu\libg_s.a
LOAD c:/freescale/kds_3.0.0/toolchain/bin/../lib/gcc/arm-none-eabi/4.8.4/../../../../arm-none-eabi/lib/armv7e-m/fpu\libc_s.a
END GROUP
START GROUP
LOAD c:/freescale/kds_3.0.0/toolchain/bin/../lib/gcc/arm-none-eabi/4.8.4/armv7e-m/fpu\libgcc.a
LOAD c:/freescale/kds_3.0.0/toolchain/bin/../lib/gcc/arm-none-eabi/4.8.4/../../../../arm-none-eabi/lib/armv7e-m/fpu\libc_s.a
LOAD c:/freescale/kds_3.0.0/toolchain/bin/../lib/gcc/arm-none-eabi/4.8.4/../../../../arm-none-eabi/lib/armv7e-m/fpu\libnosys.a
END GROUP
START GROUP
LOAD c:/freescale/kds_3.0.0/toolchain/bin/../lib/gcc/arm-none-eabi/4.8.4/armv7e-m/fpu\libgcc.a
LOAD c:/freescale/kds_3.0.0/toolchain/bin/../lib/gcc/arm-none-eabi/4.8.4/../../../../arm-none-eabi/lib/armv7e-m/fpu\libc_s.a
LOAD c:/freescale/kds_3.0.0/toolchain/bin/../lib/gcc/arm-none-eabi/4.8.4/../../../../arm-none-eabi/lib/armv7e-m/fpu\libnosys.a
END GROUP
LOAD c:/freescale/kds_3.0.0/toolchain/bin/../lib/gcc/arm-none-eabi/4.8.4/armv7e-m/fpu/crtend.o
LOAD c:/freescale/kds_3.0.0/toolchain/bin/../lib/gcc/arm-none-eabi/4.8.4/armv7e-m/fpu/crtn.o
                0x20000000                _estack = 0x20000000
                0x20000000                __SP_INIT = _estack
                0x20000000                __stack = _estack
                0x00000000                __heap_size = 0x0
                0x00000400                __stack_size = 0x400

.interrupts     0x00000000      0x1e8
                0x00000000                __vector_table = .
                0x00000000                . = ALIGN (0x4)
 *(.vectortable)
 .vectortable   0x00000000      0x1e8 ./Generated_Code/Vectors.o
                0x00000000                __vect_table
                0x000001e8                . = ALIGN (0x4)

.cfmprotect     0x00000400       0x10
                0x00000400                . = ALIGN (0x4)
 *(.cfmconfig)
 .cfmconfig     0x00000400       0x10 ./Generated_Code/Cpu.o
                0x00000400                _cfm
                0x00000410                . = ALIGN (0x4)

.text           0x00000410      0xa68
                0x00000410                . = ALIGN (0x4)
 *(.text)
 .text          0x00000410       0x54 c:/freescale/kds_3.0.0/toolchain/bin/../lib/gcc/arm-none-eabi/4.8.4/armv7e-m/fpu/crtbegin.o
 .text          0x00000464       0x74 c:/freescale/kds_3.0.0/toolchain/bin/../lib/gcc/arm-none-eabi/4.8.4/../../../../arm-none-eabi/lib/armv7e-m/fpu/crt0.o
                0x00000464                _start
                0x00000464                _mainCRTStartup
 *(.text*)
 .text.OneSecondElapsed
                0x000004d8       0x14 ./Sources/main.o
 .text.Button1Pressed
                0x000004ec       0x48 ./Sources/main.o
 .text.TowerInit
                0x00000534       0x24 ./Sources/main.o
 .text.main     0x00000558       0x14 ./Sources/main.o
                0x00000558                main
 .text.incrementBySecond
                0x0000056c       0x78 ./Sources/main.o
                0x0000056c                incrementBySecond
 .text.initFIFOstruct
                0x000005e4       0x34 ./Sources/main.o
                0x000005e4                initFIFOstruct
 .text.whereIsWrite
                0x00000618       0x50 ./Sources/main.o
                0x00000618                whereIsWrite
 .text.writeFIFO
                0x00000668       0x70 ./Sources/main.o
                0x00000668                writeFIFO
 .text.makePacket
                0x000006d8       0x58 ./Sources/main.o
                0x000006d8                makePacket
 .text.__copy_rom_section
                0x00000730       0xe4 ./Project_Settings/Startup_Code/startup.o
                0x00000730                __copy_rom_section
 .text.__copy_rom_sections_to_ram
                0x00000814       0x9c ./Project_Settings/Startup_Code/startup.o
                0x00000814                __copy_rom_sections_to_ram
 .text.__init_registers
                0x000008b0       0x20 ./Project_Settings/Startup_Code/startup.o
                0x000008b0                __init_registers
 .text.__init_user
                0x000008d0        0xc ./Project_Settings/Startup_Code/startup.o
                0x000008d0                __init_user
 .text.__thumb_startup
                0x000008dc       0x34 ./Project_Settings/Startup_Code/startup.o
                0x000008dc                __thumb_startup
 .text.Cpu_Interrupt
                0x00000910       0x18 ./Generated_Code/Cpu.o
                0x00000910                Cpu_Interrupt
 .text.__init_hardware
                0x00000928      0x150 ./Generated_Code/Cpu.o
                0x00000928                __init_hardware
 .text.Cpu_SetBASEPRI
                0x00000a78       0x18 ./Generated_Code/Cpu.o
                0x00000a78                Cpu_SetBASEPRI
 .text.PE_low_level_init
                0x00000a90       0xe4 ./Generated_Code/Cpu.o
                0x00000a90                PE_low_level_init
 .text.LEDs_Init
                0x00000b74       0x70 D:\48434 Embedded Software\Lab0\Library\libLab0.a(LEDs.o)
                0x00000b74                LEDs_Init
 .text.LEDs_Toggle
                0x00000be4       0x1c D:\48434 Embedded Software\Lab0\Library\libLab0.a(LEDs.o)
                0x00000be4                LEDs_Toggle
 .text.Buttons_Init
                0x00000c00       0xfc D:\48434 Embedded Software\Lab0\Library\libLab0.a(buttons.o)
                0x00000c00                Buttons_Init
 .text.PortE_ISR
                0x00000cfc       0x4c D:\48434 Embedded Software\Lab0\Library\libLab0.a(buttons.o)
                0x00000cfc                PortE_ISR
 .text.Timer_Init
                0x00000d48       0x40 D:\48434 Embedded Software\Lab0\Library\libLab0.a(timer.o)
                0x00000d48                Timer_Init
 .text.Timer_TickISR
                0x00000d88       0x48 D:\48434 Embedded Software\Lab0\Library\libLab0.a(timer.o)
                0x00000d88                Timer_TickISR
 .text.exit     0x00000dd0       0x28 c:/freescale/kds_3.0.0/toolchain/bin/../lib/gcc/arm-none-eabi/4.8.4/../../../../arm-none-eabi/lib/armv7e-m/fpu\libg_s.a(lib_a-exit.o)
                0x00000dd0                exit
 .text.__libc_init_array
                0x00000df8       0x4c c:/freescale/kds_3.0.0/toolchain/bin/../lib/gcc/arm-none-eabi/4.8.4/../../../../arm-none-eabi/lib/armv7e-m/fpu\libg_s.a(lib_a-init.o)
                0x00000df8                __libc_init_array
 .text.memset   0x00000e44       0x10 c:/freescale/kds_3.0.0/toolchain/bin/../lib/gcc/arm-none-eabi/4.8.4/../../../../arm-none-eabi/lib/armv7e-m/fpu\libg_s.a(lib_a-memset.o)
                0x00000e44                memset
 .text._exit    0x00000e54        0x4 c:/freescale/kds_3.0.0/toolchain/bin/../lib/gcc/arm-none-eabi/4.8.4/../../../../arm-none-eabi/lib/armv7e-m/fpu\libnosys.a(_exit.o)
                0x00000e54                _exit
 *(.rodata)
 *(.rodata*)
 .rodata.str1.1
                0x00000e58        0x2 c:/freescale/kds_3.0.0/toolchain/bin/../lib/gcc/arm-none-eabi/4.8.4/../../../../arm-none-eabi/lib/armv7e-m/fpu\libg_s.a(lib_a-impure.o)
 *fill*         0x00000e5a        0x2 
 .rodata._global_impure_ptr
                0x00000e5c        0x4 c:/freescale/kds_3.0.0/toolchain/bin/../lib/gcc/arm-none-eabi/4.8.4/../../../../arm-none-eabi/lib/armv7e-m/fpu\libg_s.a(lib_a-impure.o)
                0x00000e5c                _global_impure_ptr
 *(.glue_7)
 .glue_7        0x00000000        0x0 linker stubs
 *(.glue_7t)
 .glue_7t       0x00000000        0x0 linker stubs
 *(.eh_frame)
 .eh_frame      0x00000e60        0x0 c:/freescale/kds_3.0.0/toolchain/bin/../lib/gcc/arm-none-eabi/4.8.4/armv7e-m/fpu/crtbegin.o
 *(.init)
 .init          0x00000e60        0x4 c:/freescale/kds_3.0.0/toolchain/bin/../lib/gcc/arm-none-eabi/4.8.4/armv7e-m/fpu/crti.o
                0x00000e60                _init
 .init          0x00000e64        0x8 c:/freescale/kds_3.0.0/toolchain/bin/../lib/gcc/arm-none-eabi/4.8.4/armv7e-m/fpu/crtn.o
 *(.fini)
 .fini          0x00000e6c        0x4 c:/freescale/kds_3.0.0/toolchain/bin/../lib/gcc/arm-none-eabi/4.8.4/armv7e-m/fpu/crti.o
                0x00000e6c                _fini
 .fini          0x00000e70        0x8 c:/freescale/kds_3.0.0/toolchain/bin/../lib/gcc/arm-none-eabi/4.8.4/armv7e-m/fpu/crtn.o
                0x00000e78                . = ALIGN (0x4)
                0x00000e78                _etext = .

.vfp11_veneer   0x00000e78        0x0
 .vfp11_veneer  0x00000000        0x0 linker stubs

.v4_bx          0x00000e78        0x0
 .v4_bx         0x00000000        0x0 linker stubs

.iplt           0x00000e78        0x0
 .iplt          0x00000000        0x0 c:/freescale/kds_3.0.0/toolchain/bin/../lib/gcc/arm-none-eabi/4.8.4/armv7e-m/fpu/crtbegin.o

.ARM.extab
 *(.ARM.extab* .gnu.linkonce.armextab.*)

.ARM            0x00000e78        0x8
                0x00000e78                __exidx_start = .
 *(.ARM.exidx*)
 .ARM.exidx     0x00000e78        0x8 c:/freescale/kds_3.0.0/toolchain/bin/../lib/gcc/arm-none-eabi/4.8.4/../../../../arm-none-eabi/lib/armv7e-m/fpu/crt0.o
                0x00000e80                __exidx_end = .

.rel.dyn        0x00000e80        0x0
 .rel.iplt      0x00000000        0x0 c:/freescale/kds_3.0.0/toolchain/bin/../lib/gcc/arm-none-eabi/4.8.4/armv7e-m/fpu/crtbegin.o

.ctors          0x00000e80        0x0
                0x00000e80                __CTOR_LIST__ = .
 *crtbegin.o(.ctors)
 *(EXCLUDE_FILE(*crtend.o) .ctors)
 *(SORT(.ctors.*))
 *(.ctors)
                0x00000e80                __CTOR_END__ = .

.dtors          0x00000e80        0x0
                0x00000e80                __DTOR_LIST__ = .
 *crtbegin.o(.dtors)
 *(EXCLUDE_FILE(*crtend.o) .dtors)
 *(SORT(.dtors.*))
 *(.dtors)
                0x00000e80                __DTOR_END__ = .

.preinit_array  0x00000e80        0x0
                0x00000e80                PROVIDE (__preinit_array_start, .)
 *(.preinit_array*)
                0x00000e80                PROVIDE (__preinit_array_end, .)

.init_array     0x00000e80        0x4
                0x00000e80                PROVIDE (__init_array_start, .)
 *(SORT(.init_array.*))
 *(.init_array*)
 .init_array    0x00000e80        0x4 c:/freescale/kds_3.0.0/toolchain/bin/../lib/gcc/arm-none-eabi/4.8.4/armv7e-m/fpu/crtbegin.o
                0x00000e84                PROVIDE (__init_array_end, .)

.fini_array     0x00000e84        0x4
                0x00000e84                PROVIDE (__fini_array_start, .)
 *(SORT(.fini_array.*))
 *(.fini_array*)
 .fini_array    0x00000e84        0x4 c:/freescale/kds_3.0.0/toolchain/bin/../lib/gcc/arm-none-eabi/4.8.4/armv7e-m/fpu/crtbegin.o
                0x00000e88                PROVIDE (__fini_array_end, .)
                0x00000e88                ___ROM_AT = .

.data           0x1fff0000       0x68 load address 0x00000e88
                0x1fff0000                . = ALIGN (0x4)
                0x1fff0000                _sdata = .
 *(.data)
 *(.data*)
 .data.Button1Setup
                0x1fff0000        0x8 D:\48434 Embedded Software\Lab0\Library\libLab0.a(buttons.o)
                0x1fff0000                Button1Setup
 .data.impure_data
                0x1fff0008       0x60 c:/freescale/kds_3.0.0/toolchain/bin/../lib/gcc/arm-none-eabi/4.8.4/../../../../arm-none-eabi/lib/armv7e-m/fpu\libg_s.a(lib_a-impure.o)
                0x1fff0068                . = ALIGN (0x4)
                0x1fff0068                _edata = .
                0x00000068                ___data_size = (_edata - _sdata)
                0x00000ef0                ___m_data_20000000_ROMStart = (___ROM_AT + SIZEOF (.data))

.jcr            0x1fff0068        0x0 load address 0x00000ef0
 .jcr           0x1fff0068        0x0 c:/freescale/kds_3.0.0/toolchain/bin/../lib/gcc/arm-none-eabi/4.8.4/armv7e-m/fpu/crtbegin.o

.igot.plt       0x1fff0068        0x0 load address 0x00000ef0
 .igot.plt      0x00000000        0x0 c:/freescale/kds_3.0.0/toolchain/bin/../lib/gcc/arm-none-eabi/4.8.4/armv7e-m/fpu/crtbegin.o

.m_data_20000000
                0x20000000        0x0 load address 0x00000ef0
                0x20000000                . = ALIGN (0x4)
                0x20000000                ___m_data_20000000_RAMStart = .
 *(.m_data_20000000)
                0x20000000                ___m_data_20000000_RAMEnd = .
                0x20000000                . = ALIGN (0x4)
                0x00000000                ___m_data_20000000_ROMSize = (___m_data_20000000_RAMEnd - ___m_data_20000000_RAMStart)
                0x20000000                . = ALIGN (0x4)

.bss            0x1fff0068       0x4c load address 0x00000ef0
                0x1fff0068                __START_BSS = .
                0x1fff0068                PROVIDE (__bss_start__, __START_BSS)
 *(.bss)
 .bss           0x1fff0068       0x1c c:/freescale/kds_3.0.0/toolchain/bin/../lib/gcc/arm-none-eabi/4.8.4/armv7e-m/fpu/crtbegin.o
 *(.bss*)
 .bss.Seconds   0x1fff0084        0x1 ./Sources/main.o
 .bss.Minutes   0x1fff0085        0x1 ./Sources/main.o
 .bss.Hours     0x1fff0086        0x1 ./Sources/main.o
 *fill*         0x1fff0087        0x1 
 .bss.TimeStamps
                0x1fff0088       0x18 ./Sources/main.o
 .bss.ButtonSetup
                0x1fff00a0        0x8 D:\48434 Embedded Software\Lab0\Library\libLab0.a(buttons.o)
 .bss.PcrPtr    0x1fff00a8        0x4 D:\48434 Embedded Software\Lab0\Library\libLab0.a(buttons.o)
 .bss.UserFunction
                0x1fff00ac        0x4 D:\48434 Embedded Software\Lab0\Library\libLab0.a(timer.o)
 .bss.count.6526
                0x1fff00b0        0x1 D:\48434 Embedded Software\Lab0\Library\libLab0.a(timer.o)
 *(COMMON)
                0x1fff00b4                . = ALIGN (0x4)
 *fill*         0x1fff00b1        0x3 
                0x1fff00b4                __END_BSS = .
                0x1fff00b4                PROVIDE (__bss_end__, __END_BSS)
                0x00000ef0                _romp_at = ((___ROM_AT + SIZEOF (.data)) + SIZEOF (.m_data_20000000))

.romp           0x1fff00b4       0x24 load address 0x00000ef0
                0x00000ef0                __S_romp = _romp_at
                0x1fff00b4        0x4 LONG 0xe88 ___ROM_AT
                0x1fff00b8        0x4 LONG 0x1fff0000 _sdata
                0x1fff00bc        0x4 LONG 0x68 ___data_size
                0x1fff00c0        0x4 LONG 0xef0 ___m_data_20000000_ROMStart
                0x1fff00c4        0x4 LONG 0x20000000 ___m_data_20000000_RAMStart
                0x1fff00c8        0x4 LONG 0x0 ___m_data_20000000_ROMSize
                0x1fff00cc        0x4 LONG 0x0
                0x1fff00d0        0x4 LONG 0x0
                0x1fff00d4        0x4 LONG 0x0

._user_heap_stack
                0x1fff00d8      0x400 load address 0x00000f14
                0x1fff00d8                . = ALIGN (0x4)
                0x1fff00d8                PROVIDE (end, .)
                0x1fff00d8                PROVIDE (_end, .)
                0x1fff00d8                __heap_addr = .
                0x1fff00d8                __HeapBase = .
                0x1fff00d8                . = (. + __heap_size)
                0x1fff00d8                __HeapLimit = .
                0x1fff04d8                . = (. + __stack_size)
 *fill*         0x1fff00d8      0x400 
                0x1fff04d8                . = ALIGN (0x4)

.ARM.attributes
                0x00000000       0x30
 *(.ARM.attributes)
 .ARM.attributes
                0x00000000       0x22 c:/freescale/kds_3.0.0/toolchain/bin/../lib/gcc/arm-none-eabi/4.8.4/armv7e-m/fpu/crti.o
 .ARM.attributes
                0x00000022       0x34 c:/freescale/kds_3.0.0/toolchain/bin/../lib/gcc/arm-none-eabi/4.8.4/armv7e-m/fpu/crtbegin.o
 .ARM.attributes
                0x00000056       0x20 c:/freescale/kds_3.0.0/toolchain/bin/../lib/gcc/arm-none-eabi/4.8.4/../../../../arm-none-eabi/lib/armv7e-m/fpu/crt0.o
 .ARM.attributes
                0x00000076       0x39 ./Sources/main.o
 .ARM.attributes
                0x000000af       0x39 ./Project_Settings/Startup_Code/startup.o
 .ARM.attributes
                0x000000e8       0x39 ./Generated_Code/Cpu.o
 .ARM.attributes
                0x00000121       0x39 ./Generated_Code/Vectors.o
 .ARM.attributes
                0x0000015a       0x39 D:\48434 Embedded Software\Lab0\Library\libLab0.a(LEDs.o)
 .ARM.attributes
                0x00000193       0x39 D:\48434 Embedded Software\Lab0\Library\libLab0.a(buttons.o)
 .ARM.attributes
                0x000001cc       0x39 D:\48434 Embedded Software\Lab0\Library\libLab0.a(timer.o)
 .ARM.attributes
                0x00000205       0x34 c:/freescale/kds_3.0.0/toolchain/bin/../lib/gcc/arm-none-eabi/4.8.4/../../../../arm-none-eabi/lib/armv7e-m/fpu\libg_s.a(lib_a-exit.o)
 .ARM.attributes
                0x00000239       0x34 c:/freescale/kds_3.0.0/toolchain/bin/../lib/gcc/arm-none-eabi/4.8.4/../../../../arm-none-eabi/lib/armv7e-m/fpu\libg_s.a(lib_a-impure.o)
 .ARM.attributes
                0x0000026d       0x34 c:/freescale/kds_3.0.0/toolchain/bin/../lib/gcc/arm-none-eabi/4.8.4/../../../../arm-none-eabi/lib/armv7e-m/fpu\libg_s.a(lib_a-init.o)
 .ARM.attributes
                0x000002a1       0x34 c:/freescale/kds_3.0.0/toolchain/bin/../lib/gcc/arm-none-eabi/4.8.4/../../../../arm-none-eabi/lib/armv7e-m/fpu\libg_s.a(lib_a-memset.o)
 .ARM.attributes
                0x000002d5       0x34 c:/freescale/kds_3.0.0/toolchain/bin/../lib/gcc/arm-none-eabi/4.8.4/../../../../arm-none-eabi/lib/armv7e-m/fpu\libnosys.a(_exit.o)
 .ARM.attributes
                0x00000309       0x22 c:/freescale/kds_3.0.0/toolchain/bin/../lib/gcc/arm-none-eabi/4.8.4/armv7e-m/fpu/crtn.o
OUTPUT(Lab0.elf elf32-littlearm)

.debug_info     0x00000000     0x1fa2
 .debug_info    0x00000000      0x303 ./Sources/main.o
 .debug_info    0x00000303      0x3b0 ./Project_Settings/Startup_Code/startup.o
 .debug_info    0x000006b3      0xb89 ./Generated_Code/Cpu.o
 .debug_info    0x0000123c      0x10f ./Generated_Code/Vectors.o
 .debug_info    0x0000134b      0x4a3 D:\48434 Embedded Software\Lab0\Library\libLab0.a(LEDs.o)
 .debug_info    0x000017ee      0x647 D:\48434 Embedded Software\Lab0\Library\libLab0.a(buttons.o)
 .debug_info    0x00001e35      0x16d D:\48434 Embedded Software\Lab0\Library\libLab0.a(timer.o)

.debug_abbrev   0x00000000      0x8d7
 .debug_abbrev  0x00000000      0x17c ./Sources/main.o
 .debug_abbrev  0x0000017c      0x189 ./Project_Settings/Startup_Code/startup.o
 .debug_abbrev  0x00000305      0x185 ./Generated_Code/Cpu.o
 .debug_abbrev  0x0000048a       0xa4 ./Generated_Code/Vectors.o
 .debug_abbrev  0x0000052e      0x155 D:\48434 Embedded Software\Lab0\Library\libLab0.a(LEDs.o)
 .debug_abbrev  0x00000683      0x177 D:\48434 Embedded Software\Lab0\Library\libLab0.a(buttons.o)
 .debug_abbrev  0x000007fa       0xdd D:\48434 Embedded Software\Lab0\Library\libLab0.a(timer.o)

.debug_aranges  0x00000000      0x188
 .debug_aranges
                0x00000000       0x60 ./Sources/main.o
 .debug_aranges
                0x00000060       0x50 ./Project_Settings/Startup_Code/startup.o
 .debug_aranges
                0x000000b0       0x38 ./Generated_Code/Cpu.o
 .debug_aranges
                0x000000e8       0x18 ./Generated_Code/Vectors.o
 .debug_aranges
                0x00000100       0x38 D:\48434 Embedded Software\Lab0\Library\libLab0.a(LEDs.o)
 .debug_aranges
                0x00000138       0x28 D:\48434 Embedded Software\Lab0\Library\libLab0.a(buttons.o)
 .debug_aranges
                0x00000160       0x28 D:\48434 Embedded Software\Lab0\Library\libLab0.a(timer.o)

.debug_ranges   0x00000000      0x110
 .debug_ranges  0x00000000       0x50 ./Sources/main.o
 .debug_ranges  0x00000050       0x40 ./Project_Settings/Startup_Code/startup.o
 .debug_ranges  0x00000090       0x28 ./Generated_Code/Cpu.o
 .debug_ranges  0x000000b8       0x28 D:\48434 Embedded Software\Lab0\Library\libLab0.a(LEDs.o)
 .debug_ranges  0x000000e0       0x18 D:\48434 Embedded Software\Lab0\Library\libLab0.a(buttons.o)
 .debug_ranges  0x000000f8       0x18 D:\48434 Embedded Software\Lab0\Library\libLab0.a(timer.o)

.debug_macro    0x00000000    0x336b2
 .debug_macro   0x00000000       0xbc ./Sources/main.o
 .debug_macro   0x000000bc      0x850 ./Sources/main.o
 .debug_macro   0x0000090c       0x16 ./Sources/main.o
 .debug_macro   0x00000922       0x44 ./Sources/main.o
 .debug_macro   0x00000966      0x209 ./Sources/main.o
 .debug_macro   0x00000b6f     0x17fa ./Sources/main.o
 .debug_macro   0x00002369      0x14e ./Sources/main.o
 .debug_macro   0x000024b7       0x64 ./Sources/main.o
 .debug_macro   0x0000251b    0x174c1 ./Sources/main.o
 .debug_macro   0x000199dc       0x8e ./Sources/main.o
 .debug_macro   0x00019a6a       0x22 ./Sources/main.o
 .debug_macro   0x00019a8c      0x121 ./Project_Settings/Startup_Code/startup.o
 .debug_macro   0x00019bad       0x58 ./Project_Settings/Startup_Code/startup.o
 .debug_macro   0x00019c05       0x35 ./Project_Settings/Startup_Code/startup.o
 .debug_macro   0x00019c3a       0xa3 ./Project_Settings/Startup_Code/startup.o
 .debug_macro   0x00019cdd      0x166 ./Project_Settings/Startup_Code/startup.o
 .debug_macro   0x00019e43       0x4a ./Project_Settings/Startup_Code/startup.o
 .debug_macro   0x00019e8d       0x52 ./Project_Settings/Startup_Code/startup.o
 .debug_macro   0x00019edf       0x16 ./Project_Settings/Startup_Code/startup.o
 .debug_macro   0x00019ef5       0x43 ./Project_Settings/Startup_Code/startup.o
 .debug_macro   0x00019f38      0x180 ./Project_Settings/Startup_Code/startup.o
 .debug_macro   0x0001a0b8      0x2a6 ./Project_Settings/Startup_Code/startup.o
 .debug_macro   0x0001a35e       0x10 ./Project_Settings/Startup_Code/startup.o
 .debug_macro   0x0001a36e       0x35 ./Project_Settings/Startup_Code/startup.o
 .debug_macro   0x0001a3a3       0x16 ./Project_Settings/Startup_Code/startup.o
 .debug_macro   0x0001a3b9       0x22 ./Project_Settings/Startup_Code/startup.o
 .debug_macro   0x0001a3db       0x16 ./Project_Settings/Startup_Code/startup.o
 .debug_macro   0x0001a3f1      0x20f ./Project_Settings/Startup_Code/startup.o
 .debug_macro   0x0001a600    0x174af ./Project_Settings/Startup_Code/startup.o
 .debug_macro   0x00031aaf       0x84 ./Generated_Code/Cpu.o
 .debug_macro   0x00031b33       0x94 ./Generated_Code/Cpu.o
 .debug_macro   0x00031bc7       0xac ./Generated_Code/Vectors.o
 .debug_macro   0x00031c73       0x68 D:\48434 Embedded Software\Lab0\Library\libLab0.a(LEDs.o)
 .debug_macro   0x00031cdb       0xa0 D:\48434 Embedded Software\Lab0\Library\libLab0.a(buttons.o)
 .debug_macro   0x00031d7b     0x1800 D:\48434 Embedded Software\Lab0\Library\libLab0.a(buttons.o)
 .debug_macro   0x0003357b       0x8e D:\48434 Embedded Software\Lab0\Library\libLab0.a(buttons.o)
 .debug_macro   0x00033609       0xa9 D:\48434 Embedded Software\Lab0\Library\libLab0.a(timer.o)

.debug_line     0x00000000     0x11d1
 .debug_line    0x00000000      0x367 ./Sources/main.o
 .debug_line    0x00000367      0x3c0 ./Project_Settings/Startup_Code/startup.o
 .debug_line    0x00000727      0x262 ./Generated_Code/Cpu.o
 .debug_line    0x00000989      0x243 ./Generated_Code/Vectors.o
 .debug_line    0x00000bcc      0x1e7 D:\48434 Embedded Software\Lab0\Library\libLab0.a(LEDs.o)
 .debug_line    0x00000db3      0x215 D:\48434 Embedded Software\Lab0\Library\libLab0.a(buttons.o)
 .debug_line    0x00000fc8      0x209 D:\48434 Embedded Software\Lab0\Library\libLab0.a(timer.o)

.debug_str      0x00000000    0x8d22d
 .debug_str     0x00000000    0x8a60f ./Sources/main.o
                              0x8a78b (size before relaxing)
 .debug_str     0x0008a60f     0x268e ./Project_Settings/Startup_Code/startup.o
                              0x853e6 (size before relaxing)
 .debug_str     0x0008cc9d      0x344 ./Generated_Code/Cpu.o
                              0x8a9b7 (size before relaxing)
 .debug_str     0x0008cfe1       0x1c ./Generated_Code/Vectors.o
                              0x8a662 (size before relaxing)
 .debug_str     0x0008cffd       0xd0 D:\48434 Embedded Software\Lab0\Library\libLab0.a(LEDs.o)
                              0x82f0f (size before relaxing)
 .debug_str     0x0008d0cd       0xfa D:\48434 Embedded Software\Lab0\Library\libLab0.a(buttons.o)
                              0x8a8f0 (size before relaxing)
 .debug_str     0x0008d1c7       0x66 D:\48434 Embedded Software\Lab0\Library\libLab0.a(timer.o)
                              0x8a6af (size before relaxing)

.comment        0x00000000       0x70
 .comment       0x00000000       0x70 ./Sources/main.o
                                 0x71 (size before relaxing)
 .comment       0x00000000       0x71 ./Project_Settings/Startup_Code/startup.o
 .comment       0x00000000       0x71 ./Generated_Code/Cpu.o
 .comment       0x00000000       0x71 ./Generated_Code/Vectors.o
 .comment       0x00000000       0x71 D:\48434 Embedded Software\Lab0\Library\libLab0.a(LEDs.o)
 .comment       0x00000000       0x71 D:\48434 Embedded Software\Lab0\Library\libLab0.a(buttons.o)
 .comment       0x00000000       0x71 D:\48434 Embedded Software\Lab0\Library\libLab0.a(timer.o)

.debug_frame    0x00000000      0x404
 .debug_frame   0x00000000      0x110 ./Sources/main.o
 .debug_frame   0x00000110       0xc0 ./Project_Settings/Startup_Code/startup.o
 .debug_frame   0x000001d0       0x80 ./Generated_Code/Cpu.o
 .debug_frame   0x00000250       0x80 D:\48434 Embedded Software\Lab0\Library\libLab0.a(LEDs.o)
 .debug_frame   0x000002d0       0x50 D:\48434 Embedded Software\Lab0\Library\libLab0.a(buttons.o)
 .debug_frame   0x00000320       0x50 D:\48434 Embedded Software\Lab0\Library\libLab0.a(timer.o)
 .debug_frame   0x00000370       0x28 c:/freescale/kds_3.0.0/toolchain/bin/../lib/gcc/arm-none-eabi/4.8.4/../../../../arm-none-eabi/lib/armv7e-m/fpu\libg_s.a(lib_a-exit.o)
 .debug_frame   0x00000398       0x2c c:/freescale/kds_3.0.0/toolchain/bin/../lib/gcc/arm-none-eabi/4.8.4/../../../../arm-none-eabi/lib/armv7e-m/fpu\libg_s.a(lib_a-init.o)
 .debug_frame   0x000003c4       0x20 c:/freescale/kds_3.0.0/toolchain/bin/../lib/gcc/arm-none-eabi/4.8.4/../../../../arm-none-eabi/lib/armv7e-m/fpu\libg_s.a(lib_a-memset.o)
 .debug_frame   0x000003e4       0x20 c:/freescale/kds_3.0.0/toolchain/bin/../lib/gcc/arm-none-eabi/4.8.4/../../../../arm-none-eabi/lib/armv7e-m/fpu\libnosys.a(_exit.o)
